---
source: tests/parse_input.rs
expression: "parses.join(\"\\n\")"
---
<start> ::= ""
└── ""

