---
source: tests/parse_input.rs
expression: "parses.join(\"\\n\")"
---
<start> ::= <a> <empty>
├── <a> ::= "a" <empty>
│   ├── "a"
│   └── <empty> ::= ""
│       └── ""
└── <empty> ::= ""
    └── ""

