---
source: tests/parse_input.rs
expression: "parses.join(\"\\n\")"
---
<start> ::= "hi" <empty>
├── "hi"
└── <empty> ::= ""
    └── ""

