---
source: tests/parse_input.rs
expression: "parses.join(\"\\n\")"
---
<start> ::= <a>
└── <a> ::= "END"
    └── "END"

<start> ::= <b>
└── <b> ::= "END"
    └── "END"

