---
source: tests/parse_input.rs
expression: "parses.join(\"\\n\")"
---
<and> ::= <and> " AND " <terminal>
├── <and> ::= <and> " AND " <terminal>
│   ├── <and> ::= <terminal>
│   │   └── <terminal> ::= "AND"
│   │       └── "AND"
│   ├── " AND "
│   └── <terminal> ::= "AND"
│       └── "AND"
├── " AND "
└── <terminal> ::= "AND"
    └── "AND"

<and> ::= <and> " AND " <terminal>
├── <and> ::= <and> " " <terminal>
│   ├── <and> ::= <and> " " <terminal>
│   │   ├── <and> ::= <terminal>
│   │   │   └── <terminal> ::= "AND"
│   │   │       └── "AND"
│   │   ├── " "
│   │   └── <terminal> ::= "AND"
│   │       └── "AND"
│   ├── " "
│   └── <terminal> ::= "AND"
│       └── "AND"
├── " AND "
└── <terminal> ::= "AND"
    └── "AND"

<and> ::= <and> " " <terminal>
├── <and> ::= <and> " " <terminal>
│   ├── <and> ::= <and> " AND " <terminal>
│   │   ├── <and> ::= <terminal>
│   │   │   └── <terminal> ::= "AND"
│   │   │       └── "AND"
│   │   ├── " AND "
│   │   └── <terminal> ::= "AND"
│   │       └── "AND"
│   ├── " "
│   └── <terminal> ::= "AND"
│       └── "AND"
├── " "
└── <terminal> ::= "AND"
    └── "AND"

<and> ::= <and> " " <terminal>
├── <and> ::= <and> " AND " <terminal>
│   ├── <and> ::= <and> " " <terminal>
│   │   ├── <and> ::= <terminal>
│   │   │   └── <terminal> ::= "AND"
│   │   │       └── "AND"
│   │   ├── " "
│   │   └── <terminal> ::= "AND"
│   │       └── "AND"
│   ├── " AND "
│   └── <terminal> ::= "AND"
│       └── "AND"
├── " "
└── <terminal> ::= "AND"
    └── "AND"

<and> ::= <and> " " <terminal>
├── <and> ::= <and> " " <terminal>
│   ├── <and> ::= <and> " " <terminal>
│   │   ├── <and> ::= <and> " " <terminal>
│   │   │   ├── <and> ::= <terminal>
│   │   │   │   └── <terminal> ::= "AND"
│   │   │   │       └── "AND"
│   │   │   ├── " "
│   │   │   └── <terminal> ::= "AND"
│   │   │       └── "AND"
│   │   ├── " "
│   │   └── <terminal> ::= "AND"
│   │       └── "AND"
│   ├── " "
│   └── <terminal> ::= "AND"
│       └── "AND"
├── " "
└── <terminal> ::= "AND"
    └── "AND"

