---
source: tests/parse_input.rs
expression: "parses[0..=3].join(\"\\n\")"
---
<a> ::= ""
└── ""

<a> ::= "" <b> <c>
├── ""
├── <b> ::= <c>
│   └── <c> ::= <a>
│       └── <a> ::= ""
│           └── ""
└── <c> ::= <a>
    └── <a> ::= ""
        └── ""

<a> ::= "" <b> <c>
├── ""
├── <b> ::= <c>
│   └── <c> ::= <a>
│       └── <a> ::= ""
│           └── ""
└── <c> ::= <a>
    └── <a> ::= "" <b> <c>
        ├── ""
        ├── <b> ::= <c>
        │   └── <c> ::= <a>
        │       └── <a> ::= ""
        │           └── ""
        └── <c> ::= <a>
            └── <a> ::= ""
                └── ""

<a> ::= "" <b> <c>
├── ""
├── <b> ::= <c>
│   └── <c> ::= <a>
│       └── <a> ::= "" <b> <c>
│           ├── ""
│           ├── <b> ::= <c>
│           │   └── <c> ::= <a>
│           │       └── <a> ::= ""
│           │           └── ""
│           └── <c> ::= <a>
│               └── <a> ::= ""
│                   └── ""
└── <c> ::= <a>
    └── <a> ::= ""
        └── ""

